045-ellipsis-massacre-fill-paths-to files.log
```
"G:\Lab\GitHub\in-the-eyeofparadox\iso\Windows_10_20H1_EN-US_KB5058379\Windows\WinSxS\amd64_microsoft-windows-mdsched_31bf3856ad364e35_10.0.19041.1_none_49c7a9c019150ac4\MdSched.exe"
"G:\Lab\GitHub\in-the-eyeofparadox\iso\Windows_10_20H1_EN-US_KB5058379\Windows\WinSxS\amd64_microsoft-windows-mapcontrol_31bf3856ad364e35_10.0.19041.5794_none_87e815e5bfe9ed0c\MapsStore.dll"
"G:\Lab\GitHub\in-the-eyeofparadox\iso\Windows_10_20H1_EN-US_KB5058379\Windows\WinSxS\amd64_microsoft-windows-mapcontrol_31bf3856ad364e35_10.0.19041.5794_none_87e815e5bfe9ed0c\MapRouter.dll"
"G:\Lab\GitHub\in-the-eyeofparadox\iso\Windows_10_20H1_EN-US_KB5058379\Windows\WinSxS\amd64_microsoft-windows-mapcontrol_31bf3856ad364e35_10.0.19041.5438_none_880228cdbfd767b3\MapRouter.dll"
"G:\Lab\GitHub\in-the-eyeofparadox\iso\Windows_10_20H1_EN-US_KB5058379\Windows\WinSxS\amd64_microsoft-windows-mapcontrol_31bf3856ad364e35_10.0.19041.5438_none_880228cdbfd767b3\MapGeocoder.dll"
"G:\Lab\GitHub\in-the-eyeofparadox\iso\Windows_10_20H1_EN-US_KB5058379\Windows\WinSxS\amd64_microsoft-windows-mapcontrol_31bf3856ad364e35_10.0.19041.5794_none_87e815e5bfe9ed0c\MapGeocoder.dll"
"G:\Lab\GitHub\in-the-eyeofparadox\iso\Windows_10_20H1_EN-US_KB5058379\Windows\WinSxS\amd64_microsoft-windows-mapcontrol_31bf3856ad364e35_10.0.19041.5438_none_880228cdbfd767b3\MapsStore.dll"
"G:\Lab\GitHub\in-the-eyeofparadox\iso\Windows_10_20H1_EN-US_KB5058379\Windows\WinSxS\amd64_microsoft-windows-lsa_31bf3856ad364e35_10.0.19041.5794_none_1add84b212222773\lsasrv.dll"
"G:\Lab\GitHub\in-the-eyeofparadox\iso\Windows_10_20H1_EN-US_KB5058379\Windows\WinSxS\amd64_microsoft-windows-dui70_31bf3856ad364e35_10.0.19041.4355_none_cc6ecf9ab354fd8e\dui70.dll"
"G:\Lab\GitHub\in-the-eyeofparadox\iso\Windows_10_20H1_EN-US_KB5058379\Windows\WinSxS\amd64_microsoft-windows-directx-graphics-tools_31bf3856ad364e35_10.0.19041.4355_none_a4793e9e116b0bc2\DXCaptureReplay.dll"
"G:\Lab\GitHub\in-the-eyeofparadox\iso\Windows_10_20H1_EN-US_KB5058379\Windows\WinSxS\amd64_microsoft-windows-directoryclient-onecore_31bf3856ad364e35_10.0.19041.5198_none_78e0d0ae6341e09d\DeviceDirectoryClient.dll"
"G:\Lab\GitHub\in-the-eyeofparadox\iso\Windows_10_20H1_EN-US_KB5058379\Windows\WinSxS\amd64_microsoft-windows-dhcp-client-dll-minwin_31bf3856ad364e35_10.0.19041.4355_none_e1aed1580e44eeb6\dhcpcsvc.dll"
"G:\Lab\GitHub\in-the-eyeofparadox\iso\Windows_10_20H1_EN-US_KB5058379\Windows\WinSxS\amd64_microsoft-windows-dhcp-client-dll-minwin_31bf3856ad364e35_10.0.19041.5794_none_e187ab7e0e61a75c\dhcpcsvc.dll"
"G:\Lab\GitHub\in-the-eyeofparadox\iso\Windows_10_20H1_EN-US_KB5058379\Windows\WinSxS\amd64_microsoft-windows-deskmon_31bf3856ad364e35_10.0.19041.1_none_64c4d9881e6fa61a\deskmon.dll"
"G:\Lab\GitHub\in-the-eyeofparadox\iso\Windows_10_20H1_EN-US_KB5058379\Windows\WinSxS\amd64_microsoft-windows-desktopshellext_31bf3856ad364e35_10.0.19041.5848_none_82a2e4fd8db4941c\DesktopShellExt.dll"
"G:\Lab\GitHub\in-the-eyeofparadox\iso\Windows_10_20H1_EN-US_KB5058379\Windows\WinSxS\amd64_microsoft-windows-deliveryoptimization_31bf3856ad364e35_10.0.19041.5848_none_3edcee997c68e116\dosvc.dll"
"G:\Lab\GitHub\in-the-eyeofparadox\iso\Windows_10_20H1_EN-US_KB5058379\Windows\WinSxS\amd64_microsoft-windows-appx-deployment-server_31bf3856ad364e35_10.0.19041.5848_none_d5d21b9f6c0bef88\AppXDeploymentExtensions.desktop.dll"
"G:\Lab\GitHub\in-the-eyeofparadox\iso\Windows_10_20H1_EN-US_KB5058379\Windows\WinSxS\amd64_microsoft-windows-appx-deployment-server_31bf3856ad364e35_10.0.19041.5794_none_d5e2481d6bfeebc6\AppXDeploymentExtensions.desktop.dll"
"G:\Lab\GitHub\in-the-eyeofparadox\iso\Windows_10_20H1_EN-US_KB5058379\Windows\WinSxS\amd64_microsoft-windows-appx-deployment-client_31bf3856ad364e35_10.0.19041.5794_none_2a74c95c8fad5f20\AppXDeploymentClient.dll"
"G:\Lab\GitHub\in-the-eyeofparadox\iso\Windows_10_20H1_EN-US_KB5058379\Windows\WinSxS\amd64_microsoft-windows-a..ncredentialprovider_31bf3856ad364e35_10.0.19041.5794_none_df8e612fd838cad8\facecredentialprovider.dll"
"G:\Lab\GitHub\in-the-eyeofparadox\iso\Windows_10_20H1_EN-US_KB5058379\Windows\WinSxS\amd64_microsoft-windows-a..entory-data-sources_31bf3856ad364e35_10.0.19041.5794_none_ecdd065d8d80550b\devinv.dll"
"G:\Lab\GitHub\in-the-eyeofparadox\iso\Windows_10_20H1_EN-US_KB5058379\Windows\WinSxS\amd64_microsoft-windows-a..dholographicdisplay_31bf3856ad364e35_10.0.19041.5794_none_05db5f015f537d22\DHolographicDisplay.dll"